../../../../java/client/src/test/resources/org/signal/libsignal/messagebackup/canonical-backup.expected.json